// Jest Snapshot v1, https://goo.gl/fbAQLP

exports[`recommended rules has the right list 1`] = `
Array [
  "decorator-position",
]
`;
